// Vitest Snapshot v1, https://vitest.dev/guide/snapshot.html

exports[`unit:utils/findExports > should return ExportStatement object array 1`] = `
[
  {
    "code": "export { defineBuildConfig, type BuildConfig } from \\"#src\\"",
    "declaration": null,
    "end": 117,
    "exports": [
      "defineBuildConfig",
      "type BuildConfig",
    ],
    "kind": "export",
    "modifiers": [],
    "specifier": "#src",
    "specifier_kind": "bare",
    "specifier_syntax": "static",
    "start": 59,
    "syntax": "named",
    "type": false,
  },
  {
    "code": "export type {
  JsonObject,
  LiteralUnion,
  Nullable
} from '@flex-development/tutils'",
    "declaration": null,
    "end": 206,
    "exports": [
      "JsonObject",
      "LiteralUnion",
      "Nullable",
    ],
    "kind": "export",
    "modifiers": [],
    "specifier": "@flex-development/tutils",
    "specifier_kind": "bare",
    "specifier_syntax": "static",
    "start": 118,
    "syntax": "named",
    "type": true,
  },
  {
    "code": "export {
  addFive,
  addFour,
  addThree,
  addTwo,
  squareFive,
  squareFour,
  squareThree,
  squareTwo
} from './lib'",
    "declaration": null,
    "end": 329,
    "exports": [
      "addFive",
      "addFour",
      "addThree",
      "addTwo",
      "squareFive",
      "squareFour",
      "squareThree",
      "squareTwo",
    ],
    "kind": "export",
    "modifiers": [],
    "specifier": "./lib",
    "specifier_kind": "relative",
    "specifier_syntax": "static",
    "start": 207,
    "syntax": "named",
    "type": false,
  },
  {
    "code": "export * as constants from \\"./constants\\"",
    "declaration": null,
    "end": 370,
    "exports": [
      "* as constants",
    ],
    "kind": "export",
    "modifiers": [],
    "specifier": "./constants",
    "specifier_kind": "relative",
    "specifier_syntax": "static",
    "start": 330,
    "syntax": "namespace",
    "type": false,
  },
  {
    "code": "export type { default as Options } from \\"./options\\"",
    "declaration": null,
    "end": 457,
    "exports": [
      "default as Options",
    ],
    "kind": "export",
    "modifiers": [],
    "specifier": "./options",
    "specifier_kind": "relative",
    "specifier_syntax": "static",
    "start": 406,
    "syntax": "named",
    "type": true,
  },
  {
    "code": "export * from './utils'",
    "declaration": null,
    "end": 481,
    "exports": [
      "*",
    ],
    "kind": "export",
    "modifiers": [],
    "specifier": "./utils",
    "specifier_kind": "relative",
    "specifier_syntax": "static",
    "start": 458,
    "syntax": "namespace",
    "type": false,
  },
  {
    "code": "export interface User",
    "declaration": "interface",
    "end": 503,
    "exports": [
      "User",
    ],
    "kind": "export",
    "modifiers": [],
    "specifier": null,
    "specifier_kind": null,
    "specifier_syntax": null,
    "start": 482,
    "syntax": "declaration",
    "type": false,
  },
  {
    "code": "export abstract class House",
    "declaration": "class",
    "end": 534,
    "exports": [
      "House",
    ],
    "kind": "export",
    "modifiers": [
      "abstract",
    ],
    "specifier": null,
    "specifier_kind": null,
    "specifier_syntax": null,
    "start": 507,
    "syntax": "declaration",
    "type": false,
  },
  {
    "code": "export const { name1, name2: bar } = o",
    "declaration": "const",
    "end": 576,
    "exports": [
      "name1",
      "name2: bar",
    ],
    "kind": "export",
    "modifiers": [],
    "specifier": null,
    "specifier_kind": null,
    "specifier_syntax": null,
    "start": 538,
    "syntax": "declaration",
    "type": false,
  },
  {
    "code": "export const [ name1, name2 ] = array",
    "declaration": "const",
    "end": 615,
    "exports": [
      "name1",
      "name2",
    ],
    "kind": "export",
    "modifiers": [],
    "specifier": null,
    "specifier_kind": null,
    "specifier_syntax": null,
    "start": 578,
    "syntax": "declaration",
    "type": false,
  },
  {
    "code": "export default async function foo",
    "declaration": "function",
    "end": 650,
    "exports": [
      "foo",
    ],
    "kind": "export",
    "modifiers": [
      "async",
    ],
    "specifier": null,
    "specifier_kind": null,
    "specifier_syntax": null,
    "start": 617,
    "syntax": "default",
    "type": false,
  },
  {
    "code": "export default foo",
    "declaration": null,
    "end": 674,
    "exports": [
      "foo",
    ],
    "kind": "export",
    "modifiers": [],
    "specifier": null,
    "specifier_kind": null,
    "specifier_syntax": null,
    "start": 656,
    "syntax": "default",
    "type": false,
  },
  {
    "code": "export default",
    "declaration": null,
    "end": 689,
    "exports": [],
    "kind": "export",
    "modifiers": [],
    "specifier": null,
    "specifier_kind": null,
    "specifier_syntax": null,
    "start": 675,
    "syntax": "default",
    "type": false,
  },
  {
    "code": "export {
  DEFAULTS,
  plugin as default,
  type Options
}",
    "declaration": null,
    "end": 58,
    "exports": [
      "DEFAULTS",
      "plugin as default",
      "type Options",
    ],
    "kind": "export",
    "modifiers": [],
    "specifier": null,
    "specifier_kind": null,
    "specifier_syntax": null,
    "start": 0,
    "syntax": "list",
    "type": false,
  },
  {
    "code": "export type { default as Options }",
    "declaration": null,
    "end": 405,
    "exports": [
      "default as Options",
    ],
    "kind": "export",
    "modifiers": [],
    "specifier": null,
    "specifier_kind": null,
    "specifier_syntax": null,
    "start": 371,
    "syntax": "list",
    "type": true,
  },
  {
    "code": "export type { Config, Result }",
    "declaration": null,
    "end": 727,
    "exports": [
      "Config",
      "Result",
    ],
    "kind": "export",
    "modifiers": [],
    "specifier": null,
    "specifier_kind": null,
    "specifier_syntax": null,
    "start": 697,
    "syntax": "list",
    "type": true,
  },
]
`;
