// Vitest Snapshot v1, https://vitest.dev/guide/snapshot.html

exports[`unit:utils/findDynamicImports > should return DynamicImport object array 1`] = `
[
  {
    "code": "await import('foo-package')",
    "end": 27,
    "expression": "import('foo-package')",
    "imports": [],
    "kind": "import",
    "options": "",
    "specifier": "foo-package",
    "specifier_kind": "bare",
    "specifier_syntax": "static",
    "start": 0,
    "syntax": "dynamic",
  },
  {
    "code": "await import("/modules/my-module.js")",
    "end": 65,
    "expression": "import("/modules/my-module.js")",
    "imports": [],
    "kind": "import",
    "options": "",
    "specifier": "/modules/my-module.js",
    "specifier_kind": "absolute",
    "specifier_syntax": "static",
    "start": 28,
    "syntax": "dynamic",
  },
  {
    "code": "await import('./foo.json', { assert: { type: 'json' } })",
    "end": 122,
    "expression": "import('./foo.json', { assert: { type: 'json' } })",
    "imports": [],
    "kind": "import",
    "options": "{ assert: { type: 'json' } }",
    "specifier": "./foo.json",
    "specifier_kind": "relative",
    "specifier_syntax": "static",
    "start": 66,
    "syntax": "dynamic",
  },
  {
    "code": "const foo = await import(bar)",
    "end": 153,
    "expression": "import(bar)",
    "imports": [
      "foo",
    ],
    "kind": "import",
    "options": "",
    "specifier": "bar",
    "specifier_kind": null,
    "specifier_syntax": "dynamic",
    "start": 124,
    "syntax": "dynamic",
  },
  {
    "code": "myModule = await import("module-used-on-server")",
    "end": 257,
    "expression": "import("module-used-on-server")",
    "imports": [
      "myModule",
    ],
    "kind": "import",
    "options": "",
    "specifier": "module-used-on-server",
    "specifier_kind": "bare",
    "specifier_syntax": "static",
    "start": 209,
    "syntax": "dynamic",
  },
  {
    "code": "myModule = await import("module-used-in-browser")",
    "end": 319,
    "expression": "import("module-used-in-browser")",
    "imports": [
      "myModule",
    ],
    "kind": "import",
    "options": "",
    "specifier": "module-used-in-browser",
    "specifier_kind": "bare",
    "specifier_syntax": "static",
    "start": 270,
    "syntax": "dynamic",
  },
  {
    "code": "import(\`/modules/module-\${index}.js\`)",
    "end": 417,
    "expression": "import(\`/modules/module-\${index}.js\`)",
    "imports": [],
    "kind": "import",
    "options": "",
    "specifier": "\`/modules/module-\${index}.js\`",
    "specifier_kind": null,
    "specifier_syntax": "dynamic",
    "start": 380,
    "syntax": "dynamic",
  },
  {
    "code": "const {
  default: myDefault,
  addFive,
  addFour,
  addThree,
  addTwo,
  squareFive,
  squareFour,
  squareThree,
  squareTwo
} = await import('./lib')",
    "end": 576,
    "expression": "import('./lib')",
    "imports": [
      "default: myDefault",
      "addFive",
      "addFour",
      "addThree",
      "addTwo",
      "squareFive",
      "squareFour",
      "squareThree",
      "squareTwo",
    ],
    "kind": "import",
    "options": "",
    "specifier": "./lib",
    "specifier_kind": "relative",
    "specifier_syntax": "static",
    "start": 422,
    "syntax": "dynamic",
  },
  {
    "code": "import("/modules/my-module.js")",
    "end": 804,
    "expression": "import("/modules/my-module.js")",
    "imports": [],
    "kind": "import",
    "options": "",
    "specifier": "/modules/my-module.js",
    "specifier_kind": "absolute",
    "specifier_syntax": "static",
    "start": 773,
    "syntax": "dynamic",
  },
]
`;
