// Vitest Snapshot v1, https://vitest.dev/guide/snapshot.html

exports[`unit:utils/findStaticImports > should return StaticImport object array 1`] = `
[
  {
    "assertion": "",
    "code": "import { defineBuildConfig, type Config } from '@flex-development/mkbuild'",
    "end": 74,
    "imports": [
      "defineBuildConfig",
      "type Config",
    ],
    "kind": "import",
    "specifier": "@flex-development/mkbuild",
    "specifier_kind": "bare",
    "specifier_syntax": "static",
    "start": 0,
    "syntax": "named",
    "type": false,
  },
  {
    "assertion": "",
    "code": "import * as pathe from '@flex-development/pathe'",
    "end": 123,
    "imports": [
      "* as pathe",
    ],
    "kind": "import",
    "specifier": "@flex-development/pathe",
    "specifier_kind": "bare",
    "specifier_syntax": "static",
    "start": 75,
    "syntax": "namespace",
    "type": false,
  },
  {
    "assertion": "",
    "code": "import type {
  Join,
  Nullable,
  Opaque,
  Simplify
} from '@flex-development/tutils'",
    "end": 212,
    "imports": [
      "Join",
      "Nullable",
      "Opaque",
      "Simplify",
    ],
    "kind": "import",
    "specifier": "@flex-development/tutils",
    "specifier_kind": "bare",
    "specifier_syntax": "static",
    "start": 124,
    "syntax": "named",
    "type": true,
  },
  {
    "assertion": "",
    "code": "import consola from 'consola'",
    "end": 242,
    "imports": [
      "consola",
    ],
    "kind": "import",
    "specifier": "consola",
    "specifier_kind": "bare",
    "specifier_syntax": "static",
    "start": 213,
    "syntax": "default",
    "type": false,
  },
  {
    "assertion": "",
    "code": "import { export1, export2 as alias2 } from \\"module-name\\"",
    "end": 299,
    "imports": [
      "export1",
      "export2 as alias2",
    ],
    "kind": "import",
    "specifier": "module-name",
    "specifier_kind": "bare",
    "specifier_syntax": "static",
    "start": 243,
    "syntax": "named",
    "type": false,
  },
  {
    "assertion": "",
    "code": "import { 'string name' as alias } from \\"module-name\\"",
    "end": 353,
    "imports": [
      "'string name' as alias",
    ],
    "kind": "import",
    "specifier": "module-name",
    "specifier_kind": "bare",
    "specifier_syntax": "static",
    "start": 301,
    "syntax": "named",
    "type": false,
  },
  {
    "assertion": "",
    "code": "import defaultExport, { export1 } from \\"module-name\\"",
    "end": 407,
    "imports": [
      "defaultExport",
      "export1",
    ],
    "kind": "import",
    "specifier": "module-name",
    "specifier_kind": "bare",
    "specifier_syntax": "static",
    "start": 355,
    "syntax": "default-with-named",
    "type": false,
  },
  {
    "assertion": "",
    "code": "import defaultExport, * as name from \\"module-name\\"",
    "end": 459,
    "imports": [
      "defaultExport",
      "* as name",
    ],
    "kind": "import",
    "specifier": "module-name",
    "specifier_kind": "bare",
    "specifier_syntax": "static",
    "start": 409,
    "syntax": "default-with-namespace",
    "type": false,
  },
  {
    "assertion": "",
    "code": "import color from 'tinyrainbow'",
    "end": 492,
    "imports": [
      "color",
    ],
    "kind": "import",
    "specifier": "tinyrainbow",
    "specifier_kind": "bare",
    "specifier_syntax": "static",
    "start": 461,
    "syntax": "default",
    "type": false,
  },
  {
    "assertion": "",
    "code": "import { \\"h-i\\" as hi } from './hi.js'",
    "end": 530,
    "imports": [
      "\\"h-i\\" as hi",
    ],
    "kind": "import",
    "specifier": "./hi.js",
    "specifier_kind": "relative",
    "specifier_syntax": "static",
    "start": 493,
    "syntax": "named",
    "type": false,
  },
  {
    "assertion": "",
    "code": "import './side-effect.mjs'",
    "end": 557,
    "imports": [],
    "kind": "import",
    "specifier": "./side-effect.mjs",
    "specifier_kind": "relative",
    "specifier_syntax": "static",
    "start": 531,
    "syntax": "side-effect",
    "type": false,
  },
  {
    "assertion": "{ type: 'json' }",
    "code": "import tsconfig from './tsconfig.json' assert { type: 'json' }",
    "end": 620,
    "imports": [
      "tsconfig",
    ],
    "kind": "import",
    "specifier": "./tsconfig.json",
    "specifier_kind": "relative",
    "specifier_syntax": "static",
    "start": 558,
    "syntax": "default",
    "type": false,
  },
]
`;
