// Vitest Snapshot v1, https://vitest.dev/guide/snapshot.html

exports[`unit:utils/findRequires > should return RequireStatement object array 1`] = `
[
  {
    "code": "require('./side-effect.cjs')",
    "end": 28,
    "imports": [],
    "kind": "require",
    "specifier": "./side-effect.cjs",
    "specifier_kind": "relative",
    "specifier_syntax": "static",
    "start": 0,
    "syntax": "require",
  },
  {
    "code": "const mod=require('./lib')",
    "end": 55,
    "imports": [
      "mod",
    ],
    "kind": "require",
    "specifier": "./lib",
    "specifier_kind": "relative",
    "specifier_syntax": "static",
    "start": 29,
    "syntax": "require",
  },
  {
    "code": "const{createPathMatch}=require('tsconfig-paths')",
    "end": 105,
    "imports": [
      "createPathMatch",
    ],
    "kind": "require",
    "specifier": "tsconfig-paths",
    "specifier_kind": "bare",
    "specifier_syntax": "static",
    "start": 57,
    "syntax": "require",
  },
  {
    "code": "const mod = require('lib')",
    "end": 133,
    "imports": [
      "mod",
    ],
    "kind": "require",
    "specifier": "lib",
    "specifier_kind": "bare",
    "specifier_syntax": "static",
    "start": 107,
    "syntax": "require",
  },
  {
    "code": "require(id)",
    "end": 146,
    "imports": [],
    "kind": "require",
    "specifier": "id",
    "specifier_kind": null,
    "specifier_syntax": "dynamic",
    "start": 135,
    "syntax": "require",
  },
  {
    "code": "require('#src/utils/resolve-aliases')",
    "end": 184,
    "imports": [],
    "kind": "require",
    "specifier": "#src/utils/resolve-aliases",
    "specifier_kind": "bare",
    "specifier_syntax": "static",
    "start": 147,
    "syntax": "require",
  },
  {
    "code": "require("./arr")",
    "end": 214,
    "imports": [],
    "kind": "require",
    "specifier": "./arr",
    "specifier_kind": "relative",
    "specifier_syntax": "static",
    "start": 198,
    "syntax": "require",
  },
  {
    "code": "require("./config")",
    "end": 258,
    "imports": [],
    "kind": "require",
    "specifier": "./config",
    "specifier_kind": "relative",
    "specifier_syntax": "static",
    "start": 239,
    "syntax": "require",
  },
  {
    "code": "require("./defaults")",
    "end": 314,
    "imports": [],
    "kind": "require",
    "specifier": "./defaults",
    "specifier_kind": "relative",
    "specifier_syntax": "static",
    "start": 293,
    "syntax": "require",
  },
  {
    "code": "require("./conf")",
    "end": 332,
    "imports": [],
    "kind": "require",
    "specifier": "./conf",
    "specifier_kind": "relative",
    "specifier_syntax": "static",
    "start": 315,
    "syntax": "require",
  },
  {
    "code": "require("./data")",
    "end": 374,
    "imports": [],
    "kind": "require",
    "specifier": "./data",
    "specifier_kind": "relative",
    "specifier_syntax": "static",
    "start": 357,
    "syntax": "require",
  },
  {
    "code": "require("./parser-options")",
    "end": 428,
    "imports": [],
    "kind": "require",
    "specifier": "./parser-options",
    "specifier_kind": "relative",
    "specifier_syntax": "static",
    "start": 401,
    "syntax": "require",
  },
  {
    "code": "const {
  default: myDefault,
  addFive,
	addFour,
	addThree,
	addTwo,
	squareFive,
	squareFour,
	squareThree,
	squareTwo
} = require('./lib')",
    "end": 572,
    "imports": [
      "default: myDefault",
      "addFive",
      "addFour",
      "addThree",
      "addTwo",
      "squareFive",
      "squareFour",
      "squareThree",
      "squareTwo",
    ],
    "kind": "require",
    "specifier": "./lib",
    "specifier_kind": "relative",
    "specifier_syntax": "static",
    "start": 430,
    "syntax": "require",
  },
]
`;
