// Vitest Snapshot v1

exports[`unit:utils/findStaticImports > should return StaticImport object array 1`] = `
[
  {
    "assertion": "",
    "code": "import { defineBuildConfig, type Config } from '@flex-development/mkbuild'",
    "end": 74,
    "imports": [
      "defineBuildConfig",
      "type Config",
    ],
    "kind": "import",
    "specifier": "@flex-development/mkbuild",
    "specifier_syntax": "static",
    "start": 0,
    "syntax": "named",
    "type": false,
  },
  {
    "assertion": "",
    "code": "import type {
  Join,
  Nullable,
  Opaque,
  Simplify
} from '@flex-development/tutils'",
    "end": 163,
    "imports": [
      "Join",
      "Nullable",
      "Opaque",
      "Simplify",
    ],
    "kind": "import",
    "specifier": "@flex-development/tutils",
    "specifier_syntax": "static",
    "start": 75,
    "syntax": "named",
    "type": true,
  },
  {
    "assertion": "",
    "code": "import * as color from 'colorette'",
    "end": 198,
    "imports": [
      "* as color",
    ],
    "kind": "import",
    "specifier": "colorette",
    "specifier_syntax": "static",
    "start": 164,
    "syntax": "namespace",
    "type": false,
  },
  {
    "assertion": "",
    "code": "import consola from 'consola'",
    "end": 228,
    "imports": [
      "consola",
    ],
    "kind": "import",
    "specifier": "consola",
    "specifier_syntax": "static",
    "start": 199,
    "syntax": "default",
    "type": false,
  },
  {
    "assertion": "{ type: 'json' }",
    "code": "import tsconfig from './tsconfig.json' assert { type: 'json' }",
    "end": 291,
    "imports": [
      "tsconfig",
    ],
    "kind": "import",
    "specifier": "./tsconfig.json",
    "specifier_syntax": "static",
    "start": 229,
    "syntax": "default",
    "type": false,
  },
  {
    "assertion": "",
    "code": "import { export1, export2 as alias2 } from \\"module-name\\"",
    "end": 348,
    "imports": [
      "export1",
      "export2 as alias2",
    ],
    "kind": "import",
    "specifier": "module-name",
    "specifier_syntax": "static",
    "start": 292,
    "syntax": "named",
    "type": false,
  },
  {
    "assertion": "",
    "code": "import { 'string name' as alias } from \\"module-name\\"",
    "end": 402,
    "imports": [
      "'string name' as alias",
    ],
    "kind": "import",
    "specifier": "module-name",
    "specifier_syntax": "static",
    "start": 350,
    "syntax": "named",
    "type": false,
  },
  {
    "assertion": "",
    "code": "import defaultExport, { export1 } from \\"module-name\\"",
    "end": 456,
    "imports": [
      "defaultExport",
      "export1",
    ],
    "kind": "import",
    "specifier": "module-name",
    "specifier_syntax": "static",
    "start": 404,
    "syntax": "default-with-named",
    "type": false,
  },
  {
    "assertion": "",
    "code": "import defaultExport, * as name from \\"module-name\\"",
    "end": 508,
    "imports": [
      "defaultExport",
      "* as name",
    ],
    "kind": "import",
    "specifier": "module-name",
    "specifier_syntax": "static",
    "start": 458,
    "syntax": "default-with-namespace",
    "type": false,
  },
  {
    "assertion": "",
    "code": "import { \\"h-i\\" as hi } from './hi.js'",
    "end": 547,
    "imports": [
      "\\"h-i\\" as hi",
    ],
    "kind": "import",
    "specifier": "./hi.js",
    "specifier_syntax": "static",
    "start": 510,
    "syntax": "named",
    "type": false,
  },
  {
    "assertion": "",
    "code": "import './side-effect.mjs'",
    "end": 574,
    "imports": [],
    "kind": "import",
    "specifier": "./side-effect.mjs",
    "specifier_syntax": "static",
    "start": 548,
    "syntax": "side-effect",
    "type": false,
  },
]
`;
