// Vitest Snapshot v1

exports[`unit:utils/findExports > should return ExportStatement object array 1`] = `
[
  {
    "code": "export { defineBuildConfig, type BuildConfig } from \\"#src\\"",
    "declaration": null,
    "end": 58,
    "exports": [
      "defineBuildConfig",
      "type BuildConfig",
    ],
    "kind": "export",
    "modifiers": [],
    "specifier": "#src",
    "specifier_kind": "bare",
    "specifier_syntax": "static",
    "start": 0,
    "syntax": "named",
    "type": false,
  },
  {
    "code": "export type {
  JsonObject,
  LiteralUnion,
  Nullable
} from '@flex-development/tutils'",
    "declaration": null,
    "end": 147,
    "exports": [
      "JsonObject",
      "LiteralUnion",
      "Nullable",
    ],
    "kind": "export",
    "modifiers": [],
    "specifier": "@flex-development/tutils",
    "specifier_kind": "bare",
    "specifier_syntax": "static",
    "start": 59,
    "syntax": "named",
    "type": true,
  },
  {
    "code": "export {
  addFive,
  addFour,
  addThree,
  addTwo,
  squareFive,
  squareFour,
  squareThree,
  squareTwo
} from './lib'",
    "declaration": null,
    "end": 270,
    "exports": [
      "addFive",
      "addFour",
      "addThree",
      "addTwo",
      "squareFive",
      "squareFour",
      "squareThree",
      "squareTwo",
    ],
    "kind": "export",
    "modifiers": [],
    "specifier": "./lib",
    "specifier_kind": "relative",
    "specifier_syntax": "static",
    "start": 148,
    "syntax": "named",
    "type": false,
  },
  {
    "code": "export * as constants from \\"./constants\\"",
    "declaration": null,
    "end": 311,
    "exports": [
      "* as constants",
    ],
    "kind": "export",
    "modifiers": [],
    "specifier": "./constants",
    "specifier_kind": "relative",
    "specifier_syntax": "static",
    "start": 271,
    "syntax": "namespace",
    "type": false,
  },
  {
    "code": "export type { default as Options } from \\"./options\\"",
    "declaration": null,
    "end": 363,
    "exports": [
      "default as Options",
    ],
    "kind": "export",
    "modifiers": [],
    "specifier": "./options",
    "specifier_kind": "relative",
    "specifier_syntax": "static",
    "start": 312,
    "syntax": "named",
    "type": true,
  },
  {
    "code": "export * from './utils'",
    "declaration": null,
    "end": 387,
    "exports": [
      "*",
    ],
    "kind": "export",
    "modifiers": [],
    "specifier": "./utils",
    "specifier_kind": "relative",
    "specifier_syntax": "static",
    "start": 364,
    "syntax": "namespace",
    "type": false,
  },
  {
    "code": "export interface User",
    "declaration": "interface",
    "end": 409,
    "exports": [
      "User",
    ],
    "kind": "export",
    "modifiers": [],
    "specifier": null,
    "specifier_kind": null,
    "specifier_syntax": null,
    "start": 388,
    "syntax": "declaration",
    "type": false,
  },
  {
    "code": "export abstract class House",
    "declaration": "class",
    "end": 440,
    "exports": [
      "House",
    ],
    "kind": "export",
    "modifiers": [
      "abstract",
    ],
    "specifier": null,
    "specifier_kind": null,
    "specifier_syntax": null,
    "start": 413,
    "syntax": "declaration",
    "type": false,
  },
  {
    "code": "export const { name1, name2: bar } = o",
    "declaration": "const",
    "end": 482,
    "exports": [
      "name1",
      "name2: bar",
    ],
    "kind": "export",
    "modifiers": [],
    "specifier": null,
    "specifier_kind": null,
    "specifier_syntax": null,
    "start": 444,
    "syntax": "declaration",
    "type": false,
  },
  {
    "code": "export const [ name1, name2 ] = array",
    "declaration": "const",
    "end": 521,
    "exports": [
      "name1",
      "name2",
    ],
    "kind": "export",
    "modifiers": [],
    "specifier": null,
    "specifier_kind": null,
    "specifier_syntax": null,
    "start": 484,
    "syntax": "declaration",
    "type": false,
  },
  {
    "code": "export default async function foo",
    "declaration": "function",
    "end": 556,
    "exports": [
      "foo",
    ],
    "kind": "export",
    "modifiers": [
      "async",
    ],
    "specifier": null,
    "specifier_kind": null,
    "specifier_syntax": null,
    "start": 523,
    "syntax": "default",
    "type": false,
  },
  {
    "code": "export default foo",
    "declaration": null,
    "end": 580,
    "exports": [
      "foo",
    ],
    "kind": "export",
    "modifiers": [],
    "specifier": null,
    "specifier_kind": null,
    "specifier_syntax": null,
    "start": 562,
    "syntax": "default",
    "type": false,
  },
  {
    "code": "export default",
    "declaration": null,
    "end": 595,
    "exports": [],
    "kind": "export",
    "modifiers": [],
    "specifier": null,
    "specifier_kind": null,
    "specifier_syntax": null,
    "start": 581,
    "syntax": "default",
    "type": false,
  },
  {
    "code": "export { defineBuildConfig, type BuildConfig }",
    "declaration": null,
    "end": 46,
    "exports": [
      "defineBuildConfig",
      "type BuildConfig",
    ],
    "kind": "export",
    "modifiers": [],
    "specifier": null,
    "specifier_kind": null,
    "specifier_syntax": null,
    "start": 0,
    "syntax": "list",
    "type": false,
  },
  {
    "code": "export type {
  JsonObject,
  LiteralUnion,
  Nullable
}",
    "declaration": null,
    "end": 115,
    "exports": [
      "JsonObject",
      "LiteralUnion",
      "Nullable",
    ],
    "kind": "export",
    "modifiers": [],
    "specifier": null,
    "specifier_kind": null,
    "specifier_syntax": null,
    "start": 59,
    "syntax": "list",
    "type": true,
  },
  {
    "code": "export {
  addFive,
  addFour,
  addThree,
  addTwo,
  squareFive,
  squareFour,
  squareThree,
  squareTwo
}",
    "declaration": null,
    "end": 257,
    "exports": [
      "addFive",
      "addFour",
      "addThree",
      "addTwo",
      "squareFive",
      "squareFour",
      "squareThree",
      "squareTwo",
    ],
    "kind": "export",
    "modifiers": [],
    "specifier": null,
    "specifier_kind": null,
    "specifier_syntax": null,
    "start": 148,
    "syntax": "list",
    "type": false,
  },
  {
    "code": "export type { default as Options }",
    "declaration": null,
    "end": 346,
    "exports": [
      "default as Options",
    ],
    "kind": "export",
    "modifiers": [],
    "specifier": null,
    "specifier_kind": null,
    "specifier_syntax": null,
    "start": 312,
    "syntax": "list",
    "type": true,
  },
  {
    "code": "export type { Config, Result }",
    "declaration": null,
    "end": 633,
    "exports": [
      "Config",
      "Result",
    ],
    "kind": "export",
    "modifiers": [],
    "specifier": null,
    "specifier_kind": null,
    "specifier_syntax": null,
    "start": 603,
    "syntax": "list",
    "type": true,
  },
]
`;
