// Vitest Snapshot v1

exports[`functional:utils/resolveModules > should resolve modules in code 1`] = `
"import isBuiltin from '@flex-development/is-builtin'
import pathe from '@flex-development/pathe'
import { moduleResolve, type ErrnoException } from 'import-meta-resolve'
import { pathToFileURL, URL } from 'node:url'
import type { ResolveOptions as Options } from '../interfaces/index.mjs'
import type { ModuleSpecifierType } from '../types/index.mjs'
import toBareSpecifier from './to-bare-specifier.mjs'
import toRelativeSpecifier from './to-relative-specifier.mjs'

await import(foo)"
`;
