// Vitest Snapshot v1, https://vitest.dev/guide/snapshot.html

exports[`e2e:mlly > should expose public api 1`] = `
[
  "canParseUrl",
  "cwd",
  "defaultConditions",
  "defaultExtensions",
  "defaultMainFields",
  "extensionFormatMap",
  "formats",
  "getSource",
  "isAbsoluteSpecifier",
  "isArrayIndex",
  "isBareSpecifier",
  "isDirectory",
  "isFile",
  "isImportsSubpath",
  "isModuleId",
  "isRelativeSpecifier",
  "lookupPackageScope",
  "patternKeyCompare",
  "patternMatch",
  "readPackageJson",
  "resolveAlias",
  "resolveModule",
  "resolver",
  "root",
  "toRelativeSpecifier",
  "toUrl",
  "legacyMainResolve",
  "moduleResolve",
  "packageExportsResolve",
  "packageImportsExportsResolve",
  "packageImportsResolve",
  "packageResolve",
  "packageSelfResolve",
  "packageTargetResolve",
]
`;
