// Vitest Snapshot v1

exports[`unit:lib/findDynamicImports > should return DynamicImport object array 1`] = `
[
  {
    "code": "await import('foo')",
    "end": 19,
    "expression": "import('foo')",
    "imports": [],
    "kind": "import",
    "options": "",
    "specifier": "foo",
    "specifier_kind": "static",
    "start": 0,
    "syntax": "dynamic",
  },
  {
    "code": "await import(\\"/modules/my-module.js\\")",
    "end": 57,
    "expression": "import(\\"/modules/my-module.js\\")",
    "imports": [],
    "kind": "import",
    "options": "",
    "specifier": "/modules/my-module.js",
    "specifier_kind": "static",
    "start": 20,
    "syntax": "dynamic",
  },
  {
    "code": "await import('foo.json', { assert: { type: 'json' } })",
    "end": 112,
    "expression": "import('foo.json', { assert: { type: 'json' } })",
    "imports": [],
    "kind": "import",
    "options": "{ assert: { type: 'json' } }",
    "specifier": "foo.json",
    "specifier_kind": "static",
    "start": 58,
    "syntax": "dynamic",
  },
  {
    "code": "const foo = await import(bar)",
    "end": 143,
    "expression": "import(bar)",
    "imports": [
      "foo",
    ],
    "kind": "import",
    "options": "",
    "specifier": "bar",
    "specifier_kind": "dynamic",
    "start": 114,
    "syntax": "dynamic",
  },
  {
    "code": "myModule = await import(\\"module-used-on-server\\")",
    "end": 247,
    "expression": "import(\\"module-used-on-server\\")",
    "imports": [
      "myModule",
    ],
    "kind": "import",
    "options": "",
    "specifier": "module-used-on-server",
    "specifier_kind": "static",
    "start": 199,
    "syntax": "dynamic",
  },
  {
    "code": "myModule = await import(\\"module-used-in-browser\\")",
    "end": 309,
    "expression": "import(\\"module-used-in-browser\\")",
    "imports": [
      "myModule",
    ],
    "kind": "import",
    "options": "",
    "specifier": "module-used-in-browser",
    "specifier_kind": "static",
    "start": 260,
    "syntax": "dynamic",
  },
  {
    "code": "import(\`/modules/module-\${index}.js\`)",
    "end": 407,
    "expression": "import(\`/modules/module-\${index}.js\`)",
    "imports": [],
    "kind": "import",
    "options": "",
    "specifier": "\`/modules/module-\${index}.js\`",
    "specifier_kind": "dynamic",
    "start": 370,
    "syntax": "dynamic",
  },
  {
    "code": "const {
  default: myDefault,
  addFive,
  addFour,
  addThree,
  addTwo,
  squareFive,
  squareFour,
  squareThree,
  squareTwo
} = await import('./lib')",
    "end": 566,
    "expression": "import('./lib')",
    "imports": [
      "default: myDefault",
      "addFive",
      "addFour",
      "addThree",
      "addTwo",
      "squareFive",
      "squareFour",
      "squareThree",
      "squareTwo",
    ],
    "kind": "import",
    "options": "",
    "specifier": "./lib",
    "specifier_kind": "static",
    "start": 412,
    "syntax": "dynamic",
  },
  {
    "code": "import(\\"/modules/my-module.js\\")",
    "end": 794,
    "expression": "import(\\"/modules/my-module.js\\")",
    "imports": [],
    "kind": "import",
    "options": "",
    "specifier": "/modules/my-module.js",
    "specifier_kind": "static",
    "start": 763,
    "syntax": "dynamic",
  },
]
`;
