// Vitest Snapshot v1, https://vitest.dev/guide/snapshot.html

exports[`unit:lib/resolveModule > should return resolved URL ("#internal/fs") 1`] = `"node:fs/promises"`;

exports[`unit:lib/resolveModule > should return resolved URL ("../../../src") 1`] = `file://\${process.cwd()}/src/index.mts`;

exports[`unit:lib/resolveModule > should return resolved URL ("../../lib") 1`] = `file://\${process.cwd()}/src/lib/index.mjs`;

exports[`unit:lib/resolveModule > should return resolved URL ("../resolve-module") 1`] = `file://\${process.cwd()}/src/lib/resolve-module.mjs`;

exports[`unit:lib/resolveModule > should return resolved URL ("@flex-development/errnode") 1`] = `file://\${process.cwd()}/node_modules/@flex-development/errnode/dist/index.mjs`;

exports[`unit:lib/resolveModule > should return resolved URL ("@flex-development/mlly/package.json") 1`] = `file://\${process.cwd()}/package.json`;

exports[`unit:lib/resolveModule > should return resolved URL ("@types/unist") 1`] = `file://\${process.cwd()}/node_modules/@types/unist/index.d.ts`;

exports[`unit:lib/resolveModule > should return resolved URL ("data:text/javascript,") 1`] = `"data:text/javascript,"`;

exports[`unit:lib/resolveModule > should return resolved URL ("fs") 1`] = `"node:fs"`;

exports[`unit:lib/resolveModule > should return resolved URL ("https://esm.sh/@flex-development/mlly") 1`] = `"https://esm.sh/@flex-development/mlly"`;

exports[`unit:lib/resolveModule > should return resolved URL ("legacy-main-1") 1`] = `file://\${process.cwd()}/__fixtures__/node_modules/legacy-main-1/index.js`;

exports[`unit:lib/resolveModule > should return resolved URL ("legacy-main-2") 1`] = `file://\${process.cwd()}/__fixtures__/node_modules/legacy-main-2/index.json`;

exports[`unit:lib/resolveModule > should return resolved URL ("node:fs/promises") 1`] = `"node:fs/promises"`;

exports[`unit:lib/resolveModule > should return resolved URL ("unist") 1`] = `file://\${process.cwd()}/node_modules/@types/unist/index.d.ts`;
