// Vitest Snapshot v1, https://vitest.dev/guide/snapshot.html

exports[`e2e:mlly > should expose public api 1`] = `
[
  "canParseUrl",
  "cwd",
  "defaultConditions",
  "defaultExtensions",
  "defaultMainFields",
  "extensionFormatMap",
  "formats",
  "getSource",
  "isAbsoluteSpecifier",
  "isArrayIndex",
  "isBareSpecifier",
  "isDirectory",
  "isFile",
  "isImportsSubpath",
  "isRelativeSpecifier",
  "lookupPackageScope",
  "patternKeyCompare",
  "patternMatch",
  "readPackageJson",
  "resolveAlias",
  "resolveModule",
  "legacyMainResolve",
  "legacyMainResolveSync",
  "moduleResolve",
  "moduleResolveSync",
  "packageExportsResolve",
  "packageExportsResolveSync",
  "packageImportsExportsResolve",
  "packageImportsExportsResolveSync",
  "packageImportsResolve",
  "packageImportsResolveSync",
  "packageResolve",
  "packageResolveSync",
  "packageSelfResolve",
  "packageSelfResolveSync",
  "packageTargetResolve",
  "packageTargetResolveSync",
  "resolver",
  "root",
  "toRelativeSpecifier",
  "toUrl",
]
`;
