// Vitest Snapshot v1, https://vitest.dev/guide/snapshot.html

exports[`unit:lib/extensionFormatMap > should map extensions to module formats 1`] = `
Map {
  ".cjs" => "commonjs",
  ".cts" => "commonjs-typescript",
  ".d.cts" => "commonjs-typescript",
  ".d.mts" => "module-typescript",
  ".d.ts" => "module-typescript",
  ".js" => "module",
  ".json" => "json",
  ".jsx" => "module",
  ".mjs" => "module",
  ".mts" => "module-typescript",
  ".node" => "commonjs",
  ".ts" => "module-typescript",
  ".tsx" => "module-typescript",
  ".wasm" => "wasm",
}
`;
